// Jest Snapshot v1, https://goo.gl/fbAQLP

exports[`components:layout:Header:Nav matches the snapshot 1`] = `
<nav
  className="sc-bdVaJa bNoxQU"
>
  Nav
</nav>
`;
