// Jest Snapshot v1, https://goo.gl/fbAQLP

exports[`components:Checkup renders the Checkup page 1`] = `
<Layout>
  <QuestionBox />
</Layout>
`;
