// Jest Snapshot v1, https://goo.gl/fbAQLP

exports[`components:styled:Footer renders the Footer and CSS properties properly 1`] = `
.c0 {
  text-align: center;
}

<div
  className="c0"
>
  Footer
</div>
`;
