// Jest Snapshot v1, https://goo.gl/fbAQLP

exports[`components:styled:Progressbar renders the ProgressBar and CSS properties properly 1`] = `
.c0 {
  display: -webkit-box;
  display: -webkit-flex;
  display: -ms-flexbox;
  display: flex;
}

<nav
  className="c0"
>
  ProgressBar
</nav>
`;
