// Jest Snapshot v1, https://goo.gl/fbAQLP

exports[`components:styled:ProgressBar renders the ProgressBar and CSS properties properly 1`] = `
<StyledComponent
  forwardedClass={
    Object {
      "$$typeof": Symbol(react.forward_ref),
      "attrs": undefined,
      "componentStyle": ComponentStyle {
        "componentId": "sc-bdVaJa",
        "isStatic": true,
        "rules": Array [
          "
  background-color: #fff;
  display: flex;
  justify-content: center;
  margin: 20px 0;
",
        ],
      },
      "displayName": "DesktopProgressBar",
      "render": [Function],
      "styledComponentId": "sc-bdVaJa",
      "target": "nav",
      "toString": [Function],
      "warnTooManyClasses": [Function],
      "withComponent": [Function],
    }
  }
  forwardedRef={null}
/>
`;
