// Jest Snapshot v1, https://goo.gl/fbAQLP

exports[`components:TermsOfUse  renders the TermsOfUse  page 1`] = `
<Layout>
  <p>
    This is the 
    <strong>
      Terms of Use
    </strong>
     page
  </p>
</Layout>
`;
