// Jest Snapshot v1, https://goo.gl/fbAQLP

exports[`components:checkup:QuestionBlock:Box:Wrapper matches the snapshot 1`] = `
.c0 {
  font-family: MuseoSans;
  background-color: #ffffff;
  font-weight: 500;
  font-style: normal;
  font-stretch: normal;
  -webkit-letter-spacing: normal;
  -moz-letter-spacing: normal;
  -ms-letter-spacing: normal;
  letter-spacing: normal;
  text-align: center;
  margin: 0px auto;
  font-size: 32px;
  line-height: normal;
  padding-top: 58px;
  padding-left: 40px;
  padding-right: 40px;
}

<div
  className="c0"
>
  Wrapper
</div>
`;
