// Jest Snapshot v1, https://goo.gl/fbAQLP

exports[`components:layout:Header:Wrapper renders the Header and CSS properties properly 1`] = `
.c0 {
  -webkit-align-items: center;
  -webkit-box-align: center;
  -ms-flex-align: center;
  align-items: center;
  background-color: #202020;
  border-bottom: solid 7px #444141;
  box-sizing: border-box;
  display: -webkit-box;
  display: -webkit-flex;
  display: -ms-flexbox;
  display: flex;
  -webkit-flex-direction: row;
  -ms-flex-direction: row;
  flex-direction: row;
  width: 100%;
}

<header
  className="c0"
>
  Wrapper
</header>
`;
