// Jest Snapshot v1, https://goo.gl/fbAQLP

exports[`pages:Home renders the Home page 1`] = `null`;
