// Jest Snapshot v1, https://goo.gl/fbAQLP

exports[`components:styled:LinkExternal renders the LinkExternal and CSS properties properly 1`] = `
<StyledComponent
  forwardedClass={
    Object {
      "$$typeof": Symbol(react.forward_ref),
      "attrs": undefined,
      "componentStyle": ComponentStyle {
        "componentId": "sc-bdVaJa",
        "isStatic": true,
        "rules": Array [],
      },
      "displayName": "LinkExternal",
      "render": [Function],
      "styledComponentId": "sc-bdVaJa",
      "target": "a",
      "toString": [Function],
      "warnTooManyClasses": [Function],
      "withComponent": [Function],
    }
  }
  forwardedRef={null}
/>
`;
