// Jest Snapshot v1, https://goo.gl/fbAQLP

exports[`components:styled:Counter renders the Counter and CSS properties properly 1`] = `
<StyledComponent
  forwardedClass={
    Object {
      "$$typeof": Symbol(react.forward_ref),
      "attrs": undefined,
      "componentStyle": ComponentStyle {
        "componentId": "sc-bdVaJa",
        "isStatic": true,
        "rules": Array [
          "
  width: 63px;
  height: 17px;
  font-family: Helvetica;
  font-size: 14px;
  font-weight: 300;
  font-style: oblique;
  font-stretch: normal;
  line-height: normal;
  letter-spacing: normal;
  text-align: center;
  color: #000000;
  margin: 0px auto;
",
        ],
      },
      "displayName": "Counter",
      "render": [Function],
      "styledComponentId": "sc-bdVaJa",
      "target": "div",
      "toString": [Function],
      "warnTooManyClasses": [Function],
      "withComponent": [Function],
    }
  }
  forwardedRef={null}
>
  Text
</StyledComponent>
`;
