// Jest Snapshot v1, https://goo.gl/fbAQLP

exports[`components:QuestionBox renders the QuestionBox and CSS properties properly 1`] = `
<StyledQuestionBox>
  question?
</StyledQuestionBox>
`;
