// Jest Snapshot v1, https://goo.gl/fbAQLP

exports[`components:MobileFooter renders the MobileFooter and CSS properties properly 1`] = `
<StyledMobileFooter>
  <StyledLinkExternalMobile
    href="http://communitylaw.org.nz/"
    target="_blank"
  >
    Â© 2018 Community Law
  </StyledLinkExternalMobile>
  <Connect(StyledMobileFooterLink)
    to="/privacy-policy"
  >
    Privacy Policy
  </Connect(StyledMobileFooterLink)>
  <Connect(StyledMobileFooterLink)
    to="/terms-of-use"
  >
    Terms of Use
  </Connect(StyledMobileFooterLink)>
</StyledMobileFooter>
`;
