// Jest Snapshot v1, https://goo.gl/fbAQLP

exports[`components:styled:Topic renders the Topic and CSS properties properly 1`] = `
<StyledComponent
  forwardedClass={
    Object {
      "$$typeof": Symbol(react.forward_ref),
      "attrs": undefined,
      "componentStyle": ComponentStyle {
        "componentId": "sc-bdVaJa",
        "isStatic": true,
        "rules": Array [
          "
  background-color: #ededed;
  color: #000000;
  font-weight: bold;
  height: 42px;
  line-height: 42px;
  margin: 0 1px;
  padding: 0 10px;
  text-align: center;
  width: 158px;
",
        ],
      },
      "displayName": "Topic",
      "render": [Function],
      "styledComponentId": "sc-bdVaJa",
      "target": "div",
      "toString": [Function],
      "warnTooManyClasses": [Function],
      "withComponent": [Function],
    }
  }
  forwardedRef={null}
>
  This Topic
</StyledComponent>
`;
