// Jest Snapshot v1, https://goo.gl/fbAQLP

exports[`components:checkup:QuestionBlock:ExampleText:Wrapper matches the snapshot 1`] = `
.c0 {
  background-color: #ffffff;
  margin: 0 auto;
  font-family: MuseoSans;
  padding-top: 9px;
  text-align: center;
  color: #9b9b9b;
  box-shadow: 0 3px 3px 0 rgba(0,0,0,0.2);
  width: 708px;
  padding-bottom: 35px;
  font-size: 20px;
}

<div
  className="c0"
>
  Wrapper
</div>
`;
