// Jest Snapshot v1, https://goo.gl/fbAQLP

exports[`pages:Results renders the Results page 1`] = `
<Layout>
  <Connect(ResultsHero) />
  <p>
    This is the 
    <strong>
      Results
    </strong>
     page
  </p>
  <div>
    <Connect(DesktopRedoCheckup) />
  </div>
</Layout>
`;
