// Jest Snapshot v1, https://goo.gl/fbAQLP

exports[`components:wrappers:MobileAboutButton renders the MobileAboutButton and CSS properties properly 1`] = `
<StyledMobileButton
  onClick={[Function]}
>
  About Community Law
</StyledMobileButton>
`;
