// Jest Snapshot v1, https://goo.gl/fbAQLP

exports[`components:wrappers:DesktopAboutButton renders the DesktopAboutButton and CSS properties properly 1`] = `
<StyledDesktopButton
  onClick={[Function]}
>
  About Community Law
</StyledDesktopButton>
`;
