// Jest Snapshot v1, https://goo.gl/fbAQLP

exports[`components:Logo renders the Logo and CSS properties properly 1`] = `<StyledLogo />`;
