// Jest Snapshot v1, https://goo.gl/fbAQLP

exports[`components:styled:DesktopFooter renders the DesktopFooter and CSS properties properly 1`] = `
.c0 {
  width: 100%;
  height: 100px;
  background-color: #202020;
  line-height: 100px;
  position: absolute;
  bottom: 0px;
}

<div
  className="c0"
/>
`;
